2026-09-29T21:47:10.3598140-06:00 row 12TVL2804-halo-building (building) start; label: 12TVL2804 halo files only; core inferred separately on 2026-09-29
2026-09-29T21:47:12.5932543-06:00 watch H:\lidar\2023-salt-lake-valley\runs\pilot-2026-09-29\12TVL2804\prepared\points\12TVL2804.las MD5 before: 82787095336690d2909344206f9a80fc
2026-09-29T21:47:12.6564375-06:00 source H:\lidar\2023-salt-lake-valley\runs\pilot-2026-09-29\12TVL2804\prepared\points\12TVL2703.las MD5 a7d8e4a5a121500b3e8055fdd95a7759; copy H:\lidar\2023-salt-lake-valley\runs\pilot-2026-09-29\deep-learning\experiments-20260930\12TVL2804-halo-building\building\12TVL2703.las MD5 a7d8e4a5a121500b3e8055fdd95a7759
2026-09-29T21:47:12.9657127-06:00 source H:\lidar\2023-salt-lake-valley\runs\pilot-2026-09-29\12TVL2804\prepared\points\12TVL2704.las MD5 87cafa7672deb0ec4344f1d2128fb557; copy H:\lidar\2023-salt-lake-valley\runs\pilot-2026-09-29\deep-learning\experiments-20260930\12TVL2804-halo-building\building\12TVL2704.las MD5 87cafa7672deb0ec4344f1d2128fb557
2026-09-29T21:47:13.0043819-06:00 source H:\lidar\2023-salt-lake-valley\runs\pilot-2026-09-29\12TVL2804\prepared\points\12TVL2705.las MD5 8610f76b14fb0cc9ad97e8c635c26a38; copy H:\lidar\2023-salt-lake-valley\runs\pilot-2026-09-29\deep-learning\experiments-20260930\12TVL2804-halo-building\building\12TVL2705.las MD5 8610f76b14fb0cc9ad97e8c635c26a38
2026-09-29T21:47:13.2468921-06:00 source H:\lidar\2023-salt-lake-valley\runs\pilot-2026-09-29\12TVL2804\prepared\points\12TVL2803.las MD5 d8d8d61e17f11c7a836eb1272e694717; copy H:\lidar\2023-salt-lake-valley\runs\pilot-2026-09-29\deep-learning\experiments-20260930\12TVL2804-halo-building\building\12TVL2803.las MD5 d8d8d61e17f11c7a836eb1272e694717
2026-09-29T21:47:13.5102861-06:00 source H:\lidar\2023-salt-lake-valley\runs\pilot-2026-09-29\12TVL2804\prepared\points\12TVL2805.las MD5 d6f6796e49ef29b99d60ff4342ba6420; copy H:\lidar\2023-salt-lake-valley\runs\pilot-2026-09-29\deep-learning\experiments-20260930\12TVL2804-halo-building\building\12TVL2805.las MD5 d6f6796e49ef29b99d60ff4342ba6420
2026-09-29T21:47:13.6498248-06:00 source H:\lidar\2023-salt-lake-valley\runs\pilot-2026-09-29\12TVL2804\prepared\points\12TVL2904.las MD5 b055d675a7d743cd6cbf548a3400b63b; copy H:\lidar\2023-salt-lake-valley\runs\pilot-2026-09-29\deep-learning\experiments-20260930\12TVL2804-halo-building\building\12TVL2904.las MD5 b055d675a7d743cd6cbf548a3400b63b
2026-09-29T21:47:13.6716477-06:00 source H:\lidar\2023-salt-lake-valley\runs\pilot-2026-09-29\12TVL2804\prepared\points\12TVL2905.las MD5 e96621c5e8b179a84a289f981a01f258; copy H:\lidar\2023-salt-lake-valley\runs\pilot-2026-09-29\deep-learning\experiments-20260930\12TVL2804-halo-building\building\12TVL2905.las MD5 e96621c5e8b179a84a289f981a01f258
2026-09-29T21:47:13.7204837-06:00 GPU before: 1402 MiB, 1 %
2026-09-29T21:47:13.7367959-06:00 dl_run: C:\Users\Brian\AppData\Local\ESRI\conda\envs\arcgispro-py3-dl\python.exe -B V:\Developer\agol-python-scripts\canopy-toolbox\reviews\2026-09-29\dl_run.py building --source H:\lidar\2023-salt-lake-valley\runs\pilot-2026-09-29\12TVL2804\prepared\points\12TVL2703.las --copy H:\lidar\2023-salt-lake-valley\runs\pilot-2026-09-29\deep-learning\experiments-20260930\12TVL2804-halo-building\building\12TVL2703.las --source H:\lidar\2023-salt-lake-valley\runs\pilot-2026-09-29\12TVL2804\prepared\points\12TVL2704.las --copy H:\lidar\2023-salt-lake-valley\runs\pilot-2026-09-29\deep-learning\experiments-20260930\12TVL2804-halo-building\building\12TVL2704.las --source H:\lidar\2023-salt-lake-valley\runs\pilot-2026-09-29\12TVL2804\prepared\points\12TVL2705.las --copy H:\lidar\2023-salt-lake-valley\runs\pilot-2026-09-29\deep-learning\experiments-20260930\12TVL2804-halo-building\building\12TVL2705.las --source H:\lidar\2023-salt-lake-valley\runs\pilot-2026-09-29\12TVL2804\prepared\points\12TVL2803.las --copy H:\lidar\2023-salt-lake-valley\runs\pilot-2026-09-29\deep-learning\experiments-20260930\12TVL2804-halo-building\building\12TVL2803.las --source H:\lidar\2023-salt-lake-valley\runs\pilot-2026-09-29\12TVL2804\prepared\points\12TVL2805.las --copy H:\lidar\2023-salt-lake-valley\runs\pilot-2026-09-29\deep-learning\experiments-20260930\12TVL2804-halo-building\building\12TVL2805.las --source H:\lidar\2023-salt-lake-valley\runs\pilot-2026-09-29\12TVL2804\prepared\points\12TVL2904.las --copy H:\lidar\2023-salt-lake-valley\runs\pilot-2026-09-29\deep-learning\experiments-20260930\12TVL2804-halo-building\building\12TVL2904.las --source H:\lidar\2023-salt-lake-valley\runs\pilot-2026-09-29\12TVL2804\prepared\points\12TVL2905.las --copy H:\lidar\2023-salt-lake-valley\runs\pilot-2026-09-29\deep-learning\experiments-20260930\12TVL2804-halo-building\building\12TVL2905.las --output-root H:\lidar\2023-salt-lake-valley\runs\pilot-2026-09-29\deep-learning\experiments-20260930\12TVL2804-halo-building --batch 1 --label 12TVL2804 halo files only; core inferred separately on 2026-09-29
2026-09-29T21:51:59.3024683-06:00 dl_run exit 0 after 285.6 s
2026-09-29T21:51:59.3726194-06:00 GPU after: 1399 MiB, 2 %
2026-09-29T21:51:59.3905300-06:00 source H:\lidar\2023-salt-lake-valley\runs\pilot-2026-09-29\12TVL2804\prepared\points\12TVL2703.las MD5 after: a7d8e4a5a121500b3e8055fdd95a7759
2026-09-29T21:51:59.5745085-06:00 source H:\lidar\2023-salt-lake-valley\runs\pilot-2026-09-29\12TVL2804\prepared\points\12TVL2704.las MD5 after: 87cafa7672deb0ec4344f1d2128fb557
2026-09-29T21:51:59.5977426-06:00 source H:\lidar\2023-salt-lake-valley\runs\pilot-2026-09-29\12TVL2804\prepared\points\12TVL2705.las MD5 after: 8610f76b14fb0cc9ad97e8c635c26a38
2026-09-29T21:51:59.7345024-06:00 source H:\lidar\2023-salt-lake-valley\runs\pilot-2026-09-29\12TVL2804\prepared\points\12TVL2803.las MD5 after: d8d8d61e17f11c7a836eb1272e694717
2026-09-29T21:51:59.8806103-06:00 source H:\lidar\2023-salt-lake-valley\runs\pilot-2026-09-29\12TVL2804\prepared\points\12TVL2805.las MD5 after: d6f6796e49ef29b99d60ff4342ba6420
2026-09-29T21:51:59.9553555-06:00 source H:\lidar\2023-salt-lake-valley\runs\pilot-2026-09-29\12TVL2804\prepared\points\12TVL2904.las MD5 after: b055d675a7d743cd6cbf548a3400b63b
2026-09-29T21:51:59.9680389-06:00 source H:\lidar\2023-salt-lake-valley\runs\pilot-2026-09-29\12TVL2804\prepared\points\12TVL2905.las MD5 after: e96621c5e8b179a84a289f981a01f258
2026-09-29T21:52:02.4882240-06:00 watch H:\lidar\2023-salt-lake-valley\runs\pilot-2026-09-29\12TVL2804\prepared\points\12TVL2804.las MD5 after: 82787095336690d2909344206f9a80fc
2026-09-29T21:52:03.8520813-06:00 dl_compare exit 0
2026-09-29T21:52:03.8611250-06:00 row 12TVL2804-halo-building done
