2026-09-29T21:35:38.8370497-06:00 row 12TVL2804-halo-tree (tree) start; label: 12TVL2804 halo files only; core inferred separately on 2026-09-29
2026-09-29T21:35:40.8665551-06:00 watch H:\lidar\2023-salt-lake-valley\runs\pilot-2026-09-29\12TVL2804\prepared\points\12TVL2804.las MD5 before: 82787095336690d2909344206f9a80fc
2026-09-29T21:35:40.9440796-06:00 source H:\lidar\2023-salt-lake-valley\runs\pilot-2026-09-29\12TVL2804\prepared\points\12TVL2703.las MD5 a7d8e4a5a121500b3e8055fdd95a7759; copy H:\lidar\2023-salt-lake-valley\runs\pilot-2026-09-29\deep-learning\experiments-20260930\12TVL2804-halo-tree\tree\12TVL2703.las MD5 a7d8e4a5a121500b3e8055fdd95a7759
2026-09-29T21:35:41.3011919-06:00 source H:\lidar\2023-salt-lake-valley\runs\pilot-2026-09-29\12TVL2804\prepared\points\12TVL2704.las MD5 87cafa7672deb0ec4344f1d2128fb557; copy H:\lidar\2023-salt-lake-valley\runs\pilot-2026-09-29\deep-learning\experiments-20260930\12TVL2804-halo-tree\tree\12TVL2704.las MD5 87cafa7672deb0ec4344f1d2128fb557
2026-09-29T21:35:41.3444372-06:00 source H:\lidar\2023-salt-lake-valley\runs\pilot-2026-09-29\12TVL2804\prepared\points\12TVL2705.las MD5 8610f76b14fb0cc9ad97e8c635c26a38; copy H:\lidar\2023-salt-lake-valley\runs\pilot-2026-09-29\deep-learning\experiments-20260930\12TVL2804-halo-tree\tree\12TVL2705.las MD5 8610f76b14fb0cc9ad97e8c635c26a38
2026-09-29T21:35:41.5774957-06:00 source H:\lidar\2023-salt-lake-valley\runs\pilot-2026-09-29\12TVL2804\prepared\points\12TVL2803.las MD5 d8d8d61e17f11c7a836eb1272e694717; copy H:\lidar\2023-salt-lake-valley\runs\pilot-2026-09-29\deep-learning\experiments-20260930\12TVL2804-halo-tree\tree\12TVL2803.las MD5 d8d8d61e17f11c7a836eb1272e694717
2026-09-29T21:35:41.8260523-06:00 source H:\lidar\2023-salt-lake-valley\runs\pilot-2026-09-29\12TVL2804\prepared\points\12TVL2805.las MD5 d6f6796e49ef29b99d60ff4342ba6420; copy H:\lidar\2023-salt-lake-valley\runs\pilot-2026-09-29\deep-learning\experiments-20260930\12TVL2804-halo-tree\tree\12TVL2805.las MD5 d6f6796e49ef29b99d60ff4342ba6420
2026-09-29T21:35:41.9597816-06:00 source H:\lidar\2023-salt-lake-valley\runs\pilot-2026-09-29\12TVL2804\prepared\points\12TVL2904.las MD5 b055d675a7d743cd6cbf548a3400b63b; copy H:\lidar\2023-salt-lake-valley\runs\pilot-2026-09-29\deep-learning\experiments-20260930\12TVL2804-halo-tree\tree\12TVL2904.las MD5 b055d675a7d743cd6cbf548a3400b63b
2026-09-29T21:35:41.9826714-06:00 source H:\lidar\2023-salt-lake-valley\runs\pilot-2026-09-29\12TVL2804\prepared\points\12TVL2905.las MD5 e96621c5e8b179a84a289f981a01f258; copy H:\lidar\2023-salt-lake-valley\runs\pilot-2026-09-29\deep-learning\experiments-20260930\12TVL2804-halo-tree\tree\12TVL2905.las MD5 e96621c5e8b179a84a289f981a01f258
2026-09-29T21:35:42.0699592-06:00 GPU before: 1424 MiB, 2 %
2026-09-29T21:35:42.0883432-06:00 dl_run: C:\Users\Brian\AppData\Local\ESRI\conda\envs\arcgispro-py3-dl\python.exe -B V:\Developer\agol-python-scripts\canopy-toolbox\reviews\2026-09-29\dl_run.py tree --source H:\lidar\2023-salt-lake-valley\runs\pilot-2026-09-29\12TVL2804\prepared\points\12TVL2703.las --copy H:\lidar\2023-salt-lake-valley\runs\pilot-2026-09-29\deep-learning\experiments-20260930\12TVL2804-halo-tree\tree\12TVL2703.las --source H:\lidar\2023-salt-lake-valley\runs\pilot-2026-09-29\12TVL2804\prepared\points\12TVL2704.las --copy H:\lidar\2023-salt-lake-valley\runs\pilot-2026-09-29\deep-learning\experiments-20260930\12TVL2804-halo-tree\tree\12TVL2704.las --source H:\lidar\2023-salt-lake-valley\runs\pilot-2026-09-29\12TVL2804\prepared\points\12TVL2705.las --copy H:\lidar\2023-salt-lake-valley\runs\pilot-2026-09-29\deep-learning\experiments-20260930\12TVL2804-halo-tree\tree\12TVL2705.las --source H:\lidar\2023-salt-lake-valley\runs\pilot-2026-09-29\12TVL2804\prepared\points\12TVL2803.las --copy H:\lidar\2023-salt-lake-valley\runs\pilot-2026-09-29\deep-learning\experiments-20260930\12TVL2804-halo-tree\tree\12TVL2803.las --source H:\lidar\2023-salt-lake-valley\runs\pilot-2026-09-29\12TVL2804\prepared\points\12TVL2805.las --copy H:\lidar\2023-salt-lake-valley\runs\pilot-2026-09-29\deep-learning\experiments-20260930\12TVL2804-halo-tree\tree\12TVL2805.las --source H:\lidar\2023-salt-lake-valley\runs\pilot-2026-09-29\12TVL2804\prepared\points\12TVL2904.las --copy H:\lidar\2023-salt-lake-valley\runs\pilot-2026-09-29\deep-learning\experiments-20260930\12TVL2804-halo-tree\tree\12TVL2904.las --source H:\lidar\2023-salt-lake-valley\runs\pilot-2026-09-29\12TVL2804\prepared\points\12TVL2905.las --copy H:\lidar\2023-salt-lake-valley\runs\pilot-2026-09-29\deep-learning\experiments-20260930\12TVL2804-halo-tree\tree\12TVL2905.las --output-root H:\lidar\2023-salt-lake-valley\runs\pilot-2026-09-29\deep-learning\experiments-20260930\12TVL2804-halo-tree --batch 1 --label 12TVL2804 halo files only; core inferred separately on 2026-09-29
2026-09-29T21:47:05.9808325-06:00 dl_run exit 0 after 683.9 s
2026-09-29T21:47:06.0444329-06:00 GPU after: 1408 MiB, 1 %
2026-09-29T21:47:06.0674473-06:00 source H:\lidar\2023-salt-lake-valley\runs\pilot-2026-09-29\12TVL2804\prepared\points\12TVL2703.las MD5 after: a7d8e4a5a121500b3e8055fdd95a7759
2026-09-29T21:47:06.2508697-06:00 source H:\lidar\2023-salt-lake-valley\runs\pilot-2026-09-29\12TVL2804\prepared\points\12TVL2704.las MD5 after: 87cafa7672deb0ec4344f1d2128fb557
2026-09-29T21:47:06.2765093-06:00 source H:\lidar\2023-salt-lake-valley\runs\pilot-2026-09-29\12TVL2804\prepared\points\12TVL2705.las MD5 after: 8610f76b14fb0cc9ad97e8c635c26a38
2026-09-29T21:47:06.4222723-06:00 source H:\lidar\2023-salt-lake-valley\runs\pilot-2026-09-29\12TVL2804\prepared\points\12TVL2803.las MD5 after: d8d8d61e17f11c7a836eb1272e694717
2026-09-29T21:47:06.5854705-06:00 source H:\lidar\2023-salt-lake-valley\runs\pilot-2026-09-29\12TVL2804\prepared\points\12TVL2805.las MD5 after: d6f6796e49ef29b99d60ff4342ba6420
2026-09-29T21:47:06.6663467-06:00 source H:\lidar\2023-salt-lake-valley\runs\pilot-2026-09-29\12TVL2804\prepared\points\12TVL2904.las MD5 after: b055d675a7d743cd6cbf548a3400b63b
2026-09-29T21:47:06.6788473-06:00 source H:\lidar\2023-salt-lake-valley\runs\pilot-2026-09-29\12TVL2804\prepared\points\12TVL2905.las MD5 after: e96621c5e8b179a84a289f981a01f258
2026-09-29T21:47:08.9845118-06:00 watch H:\lidar\2023-salt-lake-valley\runs\pilot-2026-09-29\12TVL2804\prepared\points\12TVL2804.las MD5 after: 82787095336690d2909344206f9a80fc
2026-09-29T21:47:10.2649772-06:00 dl_compare exit 0
2026-09-29T21:47:10.2712211-06:00 row 12TVL2804-halo-tree done
