No labels yet: 0 of 1468 reference units are labelled (treetop 0/628, omission 0/300, cell 0/360, crown 0/180). Label the samples in ArcGIS Pro, then score again.
  baseline 12TVL2203: 11,610 candidates, 208 of 208 sampled baseline candidates kept, 0 candidates outside the sampling frame; crowns changed 0
  baseline 12TVL2804: 17,389 candidates, 210 of 210 sampled baseline candidates kept, 0 candidates outside the sampling frame; crowns changed 0
  baseline 12TVL3302: 44,285 candidates, 210 of 210 sampled baseline candidates kept, 0 candidates outside the sampling frame; crowns changed 0
  baseline MILLCREEK_PILOT_TILES: 61,674 candidates, 420 of 420 sampled baseline candidates kept, 0 candidates outside the sampling frame; crowns changed 0
  baseline EXTERNAL_TRANSFER: 11,610 candidates, 208 of 208 sampled baseline candidates kept, 0 candidates outside the sampling frame; crowns changed 0
  baseline EXPLORATORY_COMBINED: 73,284 candidates, 628 of 628 sampled baseline candidates kept, 0 candidates outside the sampling frame; crowns changed 0
  dl-tree-wins 12TVL2804: 17,728 candidates, 156 of 210 sampled baseline candidates kept, 3,413 candidates outside the sampling frame; crowns changed 9
  dl-tree-wins MILLCREEK_PILOT_TILES: 17,728 candidates, 156 of 210 sampled baseline candidates kept, 3,413 candidates outside the sampling frame; crowns changed 9
  dl-building-wins 12TVL2804: 14,488 candidates, 150 of 210 sampled baseline candidates kept, 1,199 candidates outside the sampling frame; crowns changed 6
  dl-building-wins MILLCREEK_PILOT_TILES: 14,488 candidates, 150 of 210 sampled baseline candidates kept, 1,199 candidates outside the sampling frame; crowns changed 6
  dl-conflict-class 12TVL2804: 14,697 candidates, 151 of 210 sampled baseline candidates kept, 1,301 candidates outside the sampling frame; crowns changed 7
  dl-conflict-class MILLCREEK_PILOT_TILES: 14,697 candidates, 151 of 210 sampled baseline candidates kept, 1,301 candidates outside the sampling frame; crowns changed 7
  dl-tree-wins-baseline-halos 12TVL2804: 17,728 candidates, 156 of 210 sampled baseline candidates kept, 3,413 candidates outside the sampling frame; crowns changed 9
  dl-tree-wins-baseline-halos MILLCREEK_PILOT_TILES: 17,728 candidates, 156 of 210 sampled baseline candidates kept, 3,413 candidates outside the sampling frame; crowns changed 9

| Metric | baseline (12TVL2203) | baseline (12TVL2804) | baseline (12TVL3302) | baseline (MILLCREEK_PILOT_TILES) | baseline (EXTERNAL_TRANSFER) | baseline (EXPLORATORY_COMBINED) | dl-tree-wins (12TVL2804) | dl-tree-wins (MILLCREEK_PILOT_TILES) | dl-building-wins (12TVL2804) | dl-building-wins (MILLCREEK_PILOT_TILES) | dl-conflict-class (12TVL2804) | dl-conflict-class (MILLCREEK_PILOT_TILES) | dl-tree-wins-baseline-halos (12TVL2804) | dl-tree-wins-baseline-halos (MILLCREEK_PILOT_TILES) |
|---|---|---|---|---|---|---|---|---|---|---|---|---|---|---|
| Treetop precision among matched baseline candidates | no labels yet | no labels yet | no labels yet | no labels yet | no labels yet | no labels yet | no labels yet | no labels yet | no labels yet | no labels yet | no labels yet | no labels yet | no labels yet | no labels yet |
| Precision sensitivity: all new candidates false | no labels yet | no labels yet | no labels yet | no labels yet | no labels yet | no labels yet | no labels yet | no labels yet | no labels yet | no labels yet | no labels yet | no labels yet | no labels yet | no labels yet |
| Precision sensitivity: all new candidates true | no labels yet | no labels yet | no labels yet | no labels yet | no labels yet | no labels yet | no labels yet | no labels yet | no labels yet | no labels yet | no labels yet | no labels yet | no labels yet | no labels yet |
| False candidates removed vs baseline (est.) | no labels yet | no labels yet | no labels yet | no labels yet | no labels yet | no labels yet | no labels yet | no labels yet | no labels yet | no labels yet | no labels yet | no labels yet | no labels yet | no labels yet |
| True trees removed vs baseline (est.) | no labels yet | no labels yet | no labels yet | no labels yet | no labels yet | no labels yet | no labels yet | no labels yet | no labels yet | no labels yet | no labels yet | no labels yet | no labels yet | no labels yet |
| False candidates remaining (est.) | no labels yet | no labels yet | no labels yet | no labels yet | no labels yet | no labels yet | no labels yet | no labels yet | no labels yet | no labels yet | no labels yet | no labels yet | no labels yet | no labels yet |
| CHM canopy-cell commission | no labels yet | no labels yet | no labels yet | no labels yet | no labels yet | no labels yet | no labels yet | no labels yet | no labels yet | no labels yet | no labels yet | no labels yet | no labels yet | no labels yet |
| CHM canopy-cell omission | no labels yet | no labels yet | no labels yet | no labels yet | no labels yet | no labels yet | no labels yet | no labels yet | no labels yet | no labels yet | no labels yet | no labels yet | no labels yet | no labels yet |
| Canopy-area bias, m² (mapped - true) | no labels yet | no labels yet | no labels yet | no labels yet | no labels yet | no labels yet | no labels yet | no labels yet | no labels yet | no labels yet | no labels yet | no labels yet | no labels yet | no labels yet |
| Canopy-area bias, relative | no labels yet | no labels yet | no labels yet | no labels yet | no labels yet | no labels yet | no labels yet | no labels yet | no labels yet | no labels yet | no labels yet | no labels yet | no labels yet | no labels yet |
| Omission search: tree share of non-canopy (baseline) | no labels yet | no labels yet | no labels yet | no labels yet | no labels yet | no labels yet | no labels yet | no labels yet | no labels yet | no labels yet | no labels yet | no labels yet | no labels yet | no labels yet |
| Omission search: tree canopy still missed, m² | no labels yet | no labels yet | no labels yet | no labels yet | no labels yet | no labels yet | no labels yet | no labels yet | no labels yet | no labels yet | no labels yet | no labels yet | no labels yet | no labels yet |
| Canopy omission rate (cell + omission samples) | no labels yet | no labels yet | no labels yet | no labels yet | no labels yet | no labels yet | no labels yet | no labels yet | no labels yet | no labels yet | no labels yet | no labels yet | no labels yet | no labels yet |
| Crowns correct (unchanged matched baseline crowns only) | no labels yet | no labels yet | no labels yet | no labels yet | no labels yet | no labels yet | no labels yet | no labels yet | no labels yet | no labels yet | no labels yet | no labels yet | no labels yet | no labels yet |
| Crowns merged (unchanged matched baseline crowns only) | no labels yet | no labels yet | no labels yet | no labels yet | no labels yet | no labels yet | no labels yet | no labels yet | no labels yet | no labels yet | no labels yet | no labels yet | no labels yet | no labels yet |
| Crowns split (unchanged matched baseline crowns only) | no labels yet | no labels yet | no labels yet | no labels yet | no labels yet | no labels yet | no labels yet | no labels yet | no labels yet | no labels yet | no labels yet | no labels yet | no labels yet | no labels yet |
| Crowns not a tree (unchanged matched baseline crowns only) | no labels yet | no labels yet | no labels yet | no labels yet | no labels yet | no labels yet | no labels yet | no labels yet | no labels yet | no labels yet | no labels yet | no labels yet | no labels yet | no labels yet |
| Crowns including roof (unchanged matched baseline crowns only) | no labels yet | no labels yet | no labels yet | no labels yet | no labels yet | no labels yet | no labels yet | no labels yet | no labels yet | no labels yet | no labels yet | no labels yet | no labels yet | no labels yet |

Report: H:\lidar\2023-salt-lake-valley\runs\pilot-2026-09-29\validation\scores\20260930-015037
